1,Alice,alice@example.com,30,New York,10001,,admin,editor,__undefined__,TRUE,dark,{},[],,,,,,
2,Bob,,,Chicago,__undefined__,Loves automation,,,,FALSE,,,,2024-01-01T00:00:00Z,[],system,test,qa,
3,Charlie,charlie@example.com,45,San Francisco,94103,Team lead,manager,,,TRUE,light,,,,,admin,leadership,,2024-06-01T10:00:00Z
4,Dana,dana@example.com,28,Austin,73301,__undefined__,dev,qa,,FALSE,dark,{},[],,,,,,
5,Eve,eve@example.com,35,Seattle,98101,Security specialist,,,,TRUE,high-contrast,,,,[],system,security,__undefined__,
