1,Alice,alice@example.com,TRUE,,admin,,__undefined__,editor,manager,30,Team lead at HQ,New York,10001,,2023-01-01T00:00:00Z,2024-05-05T13:45:00Z,2,5,,95,88,,login,2024-08-01T08:30:00Z,update_profile,,TRUE,FALSE,__undefined__,[],{}
