| user.id | user.name | user.email | user.active | user.info | user.tags[0] | user.tags[1] | user.tags[2] | user.roles[0] | user.roles[1] | user.profile.age | user.profile.bio | user.profile.location.city | user.profile.location.zip | meta.description | meta.createdAt | meta.updatedAt | meta.version.major | meta.version.minor | meta.version.build | scores[0] | scores[1] | scores[2] | activityLog[0].action | activityLog[0].timestamp | activityLog[1].action | activityLog[1].timestamp | flags.betaUser | flags.notifications.email | flags.notifications.sms | emptyArray | emptyObject |